EMerge Plugin v1.2.0 — 2026-08-10 01:09:24
PCB:          C:\Users\<user>\<cloud-folder>\Simulation tools\GitHub\ad8317_powermeter\kicad\ad8317_powermeter.kicad_pcb
emerge:       2.8.1  (C:\Users\<user>\AppData\Local\Programs\Python\Python312\python.exe)
KiCad Python: C:\Program Files\KiCad\10.0\bin\kicad.exe
────────────────────────────────────────────────────────────
Stage 1 / 5 — Gerber export
────────────────────────────────────────────────────────────
  PCB file   : C:\Users\<user>\<cloud-folder>\Simulation tools\GitHub\ad8317_powermeter\kicad\ad8317_powermeter.kicad_pcb
  Output dir : C:\Users\<user>\<cloud-folder>\Simulation tools\GitHub\ad8317_powermeter\emerge_results\gerbers
  kicad-cli  : C:\Program Files\KiCad\10.0\bin\kicad-cli.exe
  Layers     : F.Cu, In1.Cu, In2.Cu, B.Cu, F.Mask, B.Mask, F.Silkscreen, B.Silkscreen, Edge.Cuts
  PCB size   : 374 kB
  Command    : C:\Program Files\KiCad\10.0\bin\kicad-cli.exe pcb export gerbers --output C:\Users\<user>\<cloud-folder>\Simulation tools\GitHub\ad8317_powermeter\emerge_results\gerbers --layers F.Cu,In1.Cu,In2.Cu,B.Cu,F.Mask,B.Mask,F.Silkscreen,B.Silkscreen,Edge.Cuts --no-x2 --no-netlist --disable-aperture-macros --no-protel-ext C:\Users\<user>\<cloud-folder>\Simulation tools\GitHub\ad8317_powermeter\kicad\ad8317_powermeter.kicad_pcb
  Drill cmd  : C:\Program Files\KiCad\10.0\bin\kicad-cli.exe pcb export drill --output C:\Users\<user>\<cloud-folder>\Simulation tools\GitHub\ad8317_powermeter\emerge_results\gerbers --format excellon --drill-origin absolute --excellon-units mm --excellon-separate-th C:\Users\<user>\<cloud-folder>\Simulation tools\GitHub\ad8317_powermeter\kicad\ad8317_powermeter.kicad_pcb
  Exported 11 file(s):
    ad8317_powermeter-B_Cu.gbr                             2.5 kB
    ad8317_powermeter-B_Mask.gbr                           1.5 kB
    ad8317_powermeter-B_Silkscreen.gbr                     0.5 kB
    ad8317_powermeter-Edge_Cuts.gbr                        1.1 kB
    ad8317_powermeter-F_Cu.gbr                            96.4 kB
    ad8317_powermeter-F_Mask.gbr                          78.3 kB
    ad8317_powermeter-F_Silkscreen.gbr                   120.6 kB
    ad8317_powermeter-In1_Cu.gbr                           2.3 kB
    ad8317_powermeter-In2_Cu.gbr                           2.3 kB
    ad8317_powermeter-NPTH.drl                             0.4 kB
    ad8317_powermeter-PTH.drl                              1.0 kB

────────────────────────────────────────────────────────────
Stage 2-5 / 5 — EMerge FEM solver (system Python)
────────────────────────────────────────────────────────────
  Debug  : ON
  Cmd    : C:\Users\<user>\AppData\Local\Programs\Python\Python312\python.exe C:\Users\<user>\<cloud-folder>\Simulation tools\KiCad\10.0\3rdparty\plugins\com_github_<github-user>_emerge_fem\emerge_runner.py --job C:\Users\<user>\<cloud-folder>\Simulation tools\GitHub\ad8317_powermeter\emerge_results\emerge_job.json --debug

0:00:00.010570  INFO   : EMerge v2.8.1
[DEBUG] emerge_runner ['C:\\Users\\<user>\\<cloud-folder>\\Simulation tools\\KiCad\\10.0\\3rdparty\\plugins\\com_github_<github-user>_emerge_fem\\emerge_runner.py', '--job', 'C:\\Users\\<user>\\<cloud-folder>\\Simulation tools\\GitHub\\ad8317_powermeter\\emerge_results\\emerge_job.json', '--debug']
[DEBUG] Python 3.12.10 (tags/v3.12.10:0cc8128, Apr  8 2025, 12:21:36) [MSC v.1943 64 bit (AMD64)]
[DEBUG] emerge ok=True  ver=2.8.1  err=''
────────────────────────────────────────────────────────────
Stage 2 / 5 — Build FEM model
────────────────────────────────────────────────────────────
emerge_runner v2.0.0  Python 3.12.10  emerge 2.8.1  FileBasedPCB=yes
Stackup: 4 layers, h=1.600 mm, er=4.4, tand=0.02
  PORT1: pad=J1:1  (137.700, -85.000) mm [Gerber Y]  R=50.0 Ω  active=True
  PORT2: pad=U1:1  (146.735, -85.405) mm [Gerber Y]  R=200.0 Ω  active=False
  PORT3: pad=U1:8  (146.735, -83.490) mm [Gerber Y]  R=200.0 Ω  active=False
Domain margins: global=4.0 mm (cfg=4.0)  port_focus=2.0 mm (cfg=2.0)
Domain source: port_focus_only=true — using port-based bounds
Simulation domain: (133.7, -89.4) – (150.7, -79.5) mm  margin=4.0 mm
Passive filter bbox (KiCad mm): (133.7, 79.5) – (150.7, 89.4)
Creating Simulation 'ad8317_powermeter' (loglevel=WARNING)
PCB geometry: FileBasedPCB (Gerbers from C:\Users\<user>\<cloud-folder>\Simulation tools\GitHub\ad8317_powermeter\emerge_results\gerbers)

Loading copper layers from Gerbers ...
  Geometry simplification: ON  factor=2.50  circ_segs 64->26  res_mm 0.200->0.500
Loading 4 copper layer(s) (n_circ=26, res_mm=0.5, pre-crop=ON)
  Gerber tiny-segment filter: min_seg_um=20.0  drop_zero_segments=True  simplify_regions=True  region_min_seg_um=120.0
  Gerber crop ad8317_powermeter-F_Cu.gbr: 383 features in bbox (133.7,-89.4)–(150.7,-79.5) mm
  [0] F.Cu (layer=-1): ad8317_powermeter-F_Cu.gbr  (43 kB)  parsing ...
  [0] F.Cu (layer=-1): done  (3.5 s)
  Gerber crop ad8317_powermeter-In1_Cu.gbr: 10 features in bbox (133.7,-89.4)–(150.7,-79.5) mm
  [1] In1.Cu (layer=1): ad8317_powermeter-In1_Cu.gbr  (1 kB)  parsing ...
  [1] In1.Cu (layer=1): done  (0.2 s)
  Gerber crop ad8317_powermeter-In2_Cu.gbr: 10 features in bbox (133.7,-89.4)–(150.7,-79.5) mm
  [2] In2.Cu (layer=2): ad8317_powermeter-In2_Cu.gbr  (1 kB)  parsing ...
  [2] In2.Cu (layer=2): done  (0.2 s)
  Gerber crop ad8317_powermeter-B_Cu.gbr: 12 features in bbox (133.7,-89.4)–(150.7,-79.5) mm
  [3] B.Cu (layer=0): ad8317_powermeter-B_Cu.gbr  (2 kB)  parsing ...
  [3] B.Cu (layer=0): done  (0.3 s)
  Geometry scope: port_focus_only=true
  Drill geometry scope: filtered to simulation bounds
Loading drill files (2) ...
  drill: ad8317_powermeter-NPTH.drl  (0.4 kB)  parsing ...
  drill: ad8317_powermeter-NPTH.drl: done  (0.0 s)  holes=0  sizes=0  ingested=0
  drill: ad8317_powermeter-PTH.drl  (1.0 kB)  parsing ...
  drill: ad8317_powermeter-PTH.drl: via parser fallback added 10 hole(s)
  drill: ad8317_powermeter-PTH.drl: done  (0.0 s)  holes=10  sizes=1  ingested=0
  Drill/via files loaded: 2; drill sizes: 1; total holes: 10; fallback added: 10
  Port PORT1 at (137.70, -85.00) mm
  Port PORT2: added R=200 Ω ∥ C=2 pF load polygon
  Port PORT2 at (146.74, -85.41) mm
  Port PORT3: added R=200 Ω ∥ C=2 pF load polygon
  Port PORT3 at (146.74, -83.49) mm

Modeling passive components (R/L/C) ...
  Using direct lumped-element materials (stripline-style insertion).
  Passive components in PCB: 49
    R6       '10K'  → skipped (outside board outline, parsed R 10 kΩ)
    C8       '10uF/'  → skipped (outside board outline, parsed C 1e-05 F)
    R2       R  100 Ω           bot  (142.91,-84.99)→(142.91,-83.97) mm  len=0.38 mm  lead=0.32 mm  w=0.54 mm  [path]
    C1       C  47 nF           bot  (144.06,-85.59)→(145.01,-85.59) mm  len=0.40 mm  lead=0.28 mm  w=0.62 mm  [path]
    C28      '10uF/16V'  → skipped (outside board outline, parsed C 1e-05 F)
    C32      '1uF/'  → skipped (outside board outline, parsed C 1e-06 F)
    C23      '1uF/'  → skipped (outside board outline, parsed C 1e-06 F)
    C27      '100nF'  → skipped (outside board outline, parsed C 1e-07 F)
    R11      '1k'  → skipped (outside board outline, parsed R 1 kΩ)
    C3       '1nF / C0G'  → skipped (outside board outline, parsed C 1e-09 F)
    R22      '100k'  → skipped (outside board outline, parsed R 100 kΩ)
    R17      '100k'  → skipped (outside board outline, parsed R 100 kΩ)
    R1       R  100 Ω           bot  (141.81,-85.00)→(141.81,-83.98) mm  len=0.38 mm  lead=0.32 mm  w=0.54 mm  [path]
    R19      '100k'  → skipped (outside board outline, parsed R 100 kΩ)
    R14      '1k5'  → skipped (outside board outline, parsed R 1.5 kΩ)
    C18      '100nF'  → skipped (outside board outline, parsed C 1e-07 F)
    C6       C  8.2 pF          bot  (147.22,-87.60)→(148.18,-87.60) mm  len=0.40 mm  lead=0.28 mm  w=0.62 mm  [path]
    C17      '100nF'  → skipped (outside board outline, parsed C 1e-07 F)
    C24      '1uF/'  → skipped (outside board outline, parsed C 1e-06 F)
    R21      R  10 kΩ           bot  (145.88,-81.90)→(146.52,-81.90) mm  len=0.18 mm  lead=0.23 mm  w=0.40 mm  [path]
    R16      '10k NTC Thermistor'  → skipped (outside board outline, parsed R 10 kΩ)
    R4       R  1 kΩ            bot  (150.10,-85.51)→(150.10,-84.49) mm  len=0.38 mm  lead=0.32 mm  w=0.54 mm  [path]
    C10      '100nF'  → skipped (outside board outline, parsed C 1e-07 F)
    R13      '0R'  → skipped (unparseable / DNP / 0R)
    R9       '5K1'  → skipped (outside board outline, parsed R 5.1 kΩ)
    C9       '100nF'  → skipped (outside board outline, parsed C 1e-07 F)
    C16      '10uF/'  → skipped (outside board outline, parsed C 1e-05 F)
    C7       '100nF'  → skipped (outside board outline, parsed C 1e-07 F)
    R12      '2k'  → skipped (outside board outline, parsed R 2 kΩ)
    C11      '4.7uF'  → skipped (outside board outline, parsed C 4.7e-06 F)
    C12      '10uF/'  → skipped (outside board outline, parsed C 1e-05 F)
    C26      '100nF'  → skipped (outside board outline, parsed C 1e-07 F)
    R3       R  1 kΩ            bot  (150.09,-83.49)→(151.11,-83.49) mm  len=0.48 mm  lead=0.27 mm  w=0.64 mm  [path]
    C13      '100nF'  → skipped (outside board outline, parsed C 1e-07 F)
    R20      '10K'  → skipped (outside board outline, parsed R 10 kΩ)
    C4       C  100 nF          bot  (148.28,-80.90)→(147.32,-80.90) mm  len=0.40 mm  lead=0.28 mm  w=0.62 mm  [path]
    C31      '1uF/'  → skipped (outside board outline, parsed C 1e-06 F)
    C5       C  10 µF           bot  (148.02,-81.90)→(147.38,-81.90) mm  len=0.18 mm  lead=0.23 mm  w=0.40 mm  [path]
    R5       R  12 kΩ           bot  (149.60,-80.89)→(149.60,-81.91) mm  len=0.38 mm  lead=0.32 mm  w=0.54 mm  [path]
    C29      '10uF/16V'  → skipped (outside board outline, parsed C 1e-05 F)
    C2       C  47 nF           bot  (144.08,-83.49)→(145.03,-83.49) mm  len=0.40 mm  lead=0.28 mm  w=0.62 mm  [path]
    C14      '10uF/'  → skipped (outside board outline, parsed C 1e-05 F)
    C25      '100nF'  → skipped (outside board outline, parsed C 1e-07 F)
    R18      '100k'  → skipped (outside board outline, parsed R 100 kΩ)
    R15      '1k5'  → skipped (outside board outline, parsed R 1.5 kΩ)
    R8       '100k'  → skipped (outside board outline, parsed R 100 kΩ)
    C30      '100nF'  → skipped (outside board outline, parsed C 1e-07 F)
    R10      '5K1'  → skipped (outside board outline, parsed R 5.1 kΩ)
    C15      '10uF/'  → skipped (outside board outline, parsed C 1e-05 F)
  Passive paths compiled with merge=True
  Passives: 11 modeled, 38 skipped

Building 3D geometry ...
  PML: xy=5.0 mm  z=5.0 mm  air_h=6.4 mm
  generate_pcb(split_z=False, merge=False) ...
    done  (0.2 s)
  generate_air() ...
    done  (0.0 s)
  generate_vias() ... done  (10 via object(s))
  commit_geometry() — fusing CAD solids ...
    done  (2.3 s)
  Ghost faces neutralised: 0  (none found)
  Sliver surfaces patched: 2  (threshold 0.10 mm)
  Compound sliver surfaces: disabled (set EMERGE_ENABLE_COMPOUND_SLIVERS=1 to enable)
  Curved boundary resolution: 20 (post-commit)
Model built successfully.  (13.7 s)
Showing 3D geometry — close the viewer window to continue ...

============================================================
Geometry — close window to continue
============================================================
Geometry viewer closed.

────────────────────────────────────────────────────────────
Stage 3 / 5 — Mesh generation
────────────────────────────────────────────────────────────
  Cells/lambda : 5
  Solver       : AUTO
  Curved boundary resolution: 20
  CL scan coverage: large_surfaces=20  boundary_curves=2454  used=287
  Skipped 2167 artifact curves < 200 µm in mesh size scan
  Shortest large-surface curve: 0.2010 mm  → CharacteristicLengthMax = 0.8000 mm
  GMSH option Mesh.Algorithm = 6
  GMSH option Mesh.Algorithm3D = 10
  GMSH option Mesh.Smoothing = 10
  GMSH option Mesh.CharacteristicLengthMax = 0.0008
  GMSH option Mesh.MaxNumThreads1D = 0
  GMSH option Mesh.MaxNumThreads2D = 0
  GMSH option Mesh.MaxNumThreads3D = 0
  Region mesh sizes applied: 2293 vertices (Cu=0.60 Comp=0.90 Sub=2.00 Air=10.00 mm)
  Copper Z-refinement: 2 layer(s), VIn=0.350 mm  VOut=10.00 mm  (Box fields: [5, 6])
  Sliver curves constrained: 15 curves on 2 surfaces
  Pre-mesh ghost removal: none found
Generating mesh …
  Model bbox: (128.69, -95.01, -6.61) – (156.12, -73.90, 11.41) mm  size 27.44 x 21.11 x 18.03 mm
  Entities: points=2293  curves=2986  surfaces=834  volumes=101
  Surface diagnostics: discrete=0  orphan(no-volume)=8
  Mesh fields configured: 7
  Mesh focus: top 8 surfaces by boundary complexity
    surf 891: boundary_curves=615  tiny(<200µm)=495  min_curve=0.0023 mm  bbox=17.04x9.92x0.0004 mm  zc=0.000 mm  adj_vols=2  type=Plane
    surf 356: boundary_curves=264  tiny(<200µm)=260  min_curve=0.0555 mm  bbox=17.04x9.92x0.0002 mm  zc=-1.555 mm  adj_vols=2  type=Plane
    surf 254: boundary_curves=264  tiny(<200µm)=260  min_curve=0.0555 mm  bbox=17.04x9.92x0.0002 mm  zc=-1.590 mm  adj_vols=2  type=Plane
    surf 950: boundary_curves=238  tiny(<200µm)=211  min_curve=0.0024 mm  bbox=9.00x4.59x0.0002 mm  zc=0.000 mm  adj_vols=2  type=Plane
    surf 256: boundary_curves=236  tiny(<200µm)=220  min_curve=0.0259 mm  bbox=17.04x9.92x0.0002 mm  zc=-1.600 mm  adj_vols=2  type=Plane
    surf 270: boundary_curves=160  tiny(<200µm)=152  min_curve=0.0259 mm  bbox=5.17x1.93x0.0002 mm  zc=-1.600 mm  adj_vols=2  type=Plane
    surf 935: boundary_curves=107  tiny(<200µm)=92  min_curve=0.0023 mm  bbox=2.15x1.56x0.0003 mm  zc=0.000 mm  adj_vols=2  type=Plane
    surf 816: boundary_curves=64  tiny(<200µm)=60  min_curve=0.1279 mm  bbox=17.04x9.92x0.0002 mm  zc=-0.010 mm  adj_vols=2  type=Plane
  Mesh focus summary: surfaces=834  tiny_boundary_curves_total=6247
  Mesh attempt 1/3
  [mesh a1] still running … 30 s
  [mesh a1] still running … 60 s
  [mesh a1] still running … 90 s
  Mesh done. total=102.4 s  attempt=102.4 s
  Mesh nodes: 28452
  Mesh elements: 2D=32322  3D=152876
Showing 3D mesh — close the viewer window to continue ...

────────────────────────────────────────────────────────────
Stage 4 / 5 — Running FEM sweep
────────────────────────────────────────────────────────────
  Frequency: 100 MHz – 0.1 GHz  (1 points)
Running FEM sweep …
  [FEM] still running … 30 s  CPU 0%  MEM 80% 25678/32213 MiB  GPU 0% util  5/6113 MiB
  [FEM] still running … 60 s  CPU 43%  MEM 97% 31107/32213 MiB  GPU 0% util  5/6113 MiB
  [FEM] still running … 90 s  CPU 41%  MEM 87% 28117/32213 MiB  GPU 0% util  5/6113 MiB
  [FEM] still running … 120 s  CPU 33%  MEM 89% 28530/32213 MiB  GPU 0% util  5/6113 MiB
  [FEM] still running … 151 s  CPU 43%  MEM 94% 30248/32213 MiB  GPU 0% util  5/6113 MiB
  [FEM] still running … 181 s  CPU 39%  MEM 92% 29536/32213 MiB  GPU 0% util  5/6113 MiB
  [FEM] still running … 211 s  CPU 33%  MEM 94% 30350/32213 MiB  GPU 0% util  5/6113 MiB
  [FEM] still running … 241 s  CPU 32%  MEM 96% 31023/32213 MiB  GPU 0% util  5/6113 MiB
  [FEM] still running … 271 s  CPU 35%  MEM 99% 31770/32213 MiB  GPU 0% util  5/6113 MiB
  Sweep done.  (293.7 s)

────────────────────────────────────────────────────────────
Stage 5 / 5 — Results
────────────────────────────────────────────────────────────
Touchstone written: C:\Users\<user>\<cloud-folder>\Simulation tools\GitHub\ad8317_powermeter\emerge_results\touchstone\ad8317_powermeter.s2p
S21: worst IL = 94.4 dB  (threshold 3.0 dB)  FAIL
S11: best  RL = 0.0 dB  (threshold 10.0 dB)  FAIL
Total violations: 2
0:09:32.151376  WARNING: EMerge simulation warnings:
0:09:32.151376  WARNING: 1: The ThinConductor boundary condition uses a new DoF splitting algorithm which may not be perfect. If you run into any issues, please condtact info@emerge-software.com to resolve any issues! :)
────────────────────────────────────────────────────────────
  2 threshold violation(s).
  Touchstone : C:\Users\<user>\<cloud-folder>\Simulation tools\GitHub\ad8317_powermeter\emerge_results\touchstone\ad8317_powermeter.s2p
  Report     : C:\Users\<user>\<cloud-folder>\Simulation tools\GitHub\ad8317_powermeter\emerge_results\emerge_report.txt
────────────────────────────────────────────────────────────
