  PCB file   : C:\Users\<user>\<cloud-folder>\Simulation tools\GitHub\ad8317_powermeter\kicad\ad8317_powermeter.kicad_pcb
  Output dir : C:\Users\<user>\<cloud-folder>\Simulation tools\GitHub\ad8317_powermeter\emerge_results\golden\run_20260809_231536\gerbers
  kicad-cli  : C:\Program Files\KiCad\10.0\bin\kicad-cli.exe
  Layers     : F.Cu, In1.Cu, In2.Cu, B.Cu, F.Mask, B.Mask, F.Silkscreen, B.Silkscreen, Edge.Cuts
  PCB size   : 372 kB
  Command    : C:\Program Files\KiCad\10.0\bin\kicad-cli.exe pcb export gerbers --output C:\Users\<user>\<cloud-folder>\Simulation tools\GitHub\ad8317_powermeter\emerge_results\golden\run_20260809_231536\gerbers --layers F.Cu,In1.Cu,In2.Cu,B.Cu,F.Mask,B.Mask,F.Silkscreen,B.Silkscreen,Edge.Cuts --no-x2 --no-netlist --disable-aperture-macros --no-protel-ext C:\Users\<user>\<cloud-folder>\Simulation tools\GitHub\ad8317_powermeter\kicad\ad8317_powermeter.kicad_pcb
  Exported 9 file(s):
    ad8317_powermeter-B_Cu.gbr                             2.2 kB
    ad8317_powermeter-B_Mask.gbr                           1.5 kB
    ad8317_powermeter-B_Silkscreen.gbr                     0.5 kB
    ad8317_powermeter-Edge_Cuts.gbr                        1.1 kB
    ad8317_powermeter-F_Cu.gbr                            96.1 kB
    ad8317_powermeter-F_Mask.gbr                          78.3 kB
    ad8317_powermeter-F_Silkscreen.gbr                   120.6 kB
    ad8317_powermeter-In1_Cu.gbr                           1.9 kB
    ad8317_powermeter-In2_Cu.gbr                           1.9 kB
0:00:00.000556  INFO   : EMerge v2.8.1
[DEBUG] emerge_runner ['C:\\Users\\<user>\\<cloud-folder>\\Simulation tools\\GitHub\\ad8317_powermeter\\sim\\emerge\\emerge_runner.py', '--job', 'C:\\Users\\<user>\\<cloud-folder>\\Simulation tools\\GitHub\\ad8317_powermeter\\emerge_results\\golden\\run_20260809_231536\\emerge_job.json', '--debug']
[DEBUG] Python 3.12.10 (tags/v3.12.10:0cc8128, Apr  8 2025, 12:21:36) [MSC v.1943 64 bit (AMD64)]
[DEBUG] emerge ok=True  ver=2.8.1  err=''
ΓöÇΓöÇΓöÇΓöÇΓöÇΓöÇΓöÇΓöÇΓöÇΓöÇΓöÇΓöÇΓöÇΓöÇΓöÇΓöÇΓöÇΓöÇΓöÇΓöÇΓöÇΓöÇΓöÇΓöÇΓöÇΓöÇΓöÇΓöÇΓöÇΓöÇΓöÇΓöÇΓöÇΓöÇΓöÇΓöÇΓöÇΓöÇΓöÇΓöÇΓöÇΓöÇΓöÇΓöÇΓöÇΓöÇΓöÇΓöÇΓöÇΓöÇΓöÇΓöÇΓöÇΓöÇΓöÇΓöÇΓöÇΓöÇΓöÇΓöÇ
Stage 2 / 5 ΓÇö Build FEM model
ΓöÇΓöÇΓöÇΓöÇΓöÇΓöÇΓöÇΓöÇΓöÇΓöÇΓöÇΓöÇΓöÇΓöÇΓöÇΓöÇΓöÇΓöÇΓöÇΓöÇΓöÇΓöÇΓöÇΓöÇΓöÇΓöÇΓöÇΓöÇΓöÇΓöÇΓöÇΓöÇΓöÇΓöÇΓöÇΓöÇΓöÇΓöÇΓöÇΓöÇΓöÇΓöÇΓöÇΓöÇΓöÇΓöÇΓöÇΓöÇΓöÇΓöÇΓöÇΓöÇΓöÇΓöÇΓöÇΓöÇΓöÇΓöÇΓöÇΓöÇ
emerge_runner v2.0.0  Python 3.12.10  emerge 2.8.1  FileBasedPCB=yes
Stackup: 4 layers, h=1.600 mm, er=4.4, tand=0.02
  PORT1: pad=J1:1  (137.700, -85.000) mm [Gerber Y]  R=50.0 ╬⌐  active=True
  PORT2: pad=U1:1  (146.735, -85.405) mm [Gerber Y]  R=200.0 ╬⌐  active=False
  PORT3: pad=U1:8  (146.735, -83.490) mm [Gerber Y]  R=200.0 ╬⌐  active=False
Domain margins: global=4.0 mm (cfg=4.0)  port_focus=2.0 mm (cfg=2.0)
Domain source: port_focus_only=true ΓÇö using port-based bounds
Simulation domain: (133.7, -89.4) ΓÇô (150.7, -79.5) mm  margin=4.0 mm
Passive filter bbox (KiCad mm): (133.7, 79.5) ΓÇô (150.7, 89.4)
Creating Simulation 'ad8317_powermeter' (loglevel=WARNING)
PCB geometry: FileBasedPCB (Gerbers from C:\Users\<user>\<cloud-folder>\Simulation tools\GitHub\ad8317_powermeter\emerge_results\golden\run_20260809_231536\gerbers)

Loading copper layers from Gerbers ...
  Geometry simplification: ON  factor=2.50  circ_segs 64->26  res_mm 0.200->0.500
Loading 4 copper layer(s) (n_circ=26, res_mm=0.5, pre-crop=ON)
  Gerber tiny-segment filter: min_seg_um=20.0  drop_zero_segments=True  simplify_regions=True  region_min_seg_um=120.0
  Gerber crop ad8317_powermeter-F_Cu.gbr: 376 features in bbox (133.7,-89.4)ΓÇô(150.7,-79.5) mm
  [0] F.Cu (layer=-1): ad8317_powermeter-F_Cu.gbr  (43 kB)  parsing ...
  [0] F.Cu (layer=-1): done  (2.8 s)
  Gerber crop ad8317_powermeter-In1_Cu.gbr: 3 features in bbox (133.7,-89.4)ΓÇô(150.7,-79.5) mm
  [1] In1.Cu (layer=1): ad8317_powermeter-In1_Cu.gbr  (1 kB)  parsing ...
  [1] In1.Cu (layer=1): done  (0.1 s)
  Gerber crop ad8317_powermeter-In2_Cu.gbr: 3 features in bbox (133.7,-89.4)ΓÇô(150.7,-79.5) mm
  [2] In2.Cu (layer=2): ad8317_powermeter-In2_Cu.gbr  (1 kB)  parsing ...
  [2] In2.Cu (layer=2): done  (0.1 s)
  Gerber crop ad8317_powermeter-B_Cu.gbr: 5 features in bbox (133.7,-89.4)ΓÇô(150.7,-79.5) mm
  [3] B.Cu (layer=0): ad8317_powermeter-B_Cu.gbr  (2 kB)  parsing ...
  [3] B.Cu (layer=0): done  (0.1 s)
  Geometry scope: port_focus_only=true
  Port PORT1 at (137.70, -85.00) mm
  Port PORT2: added R=200 ╬⌐ ΓêÑ C=2 pF load polygon
  Port PORT2 at (146.74, -85.41) mm
  Port PORT3: added R=200 ╬⌐ ΓêÑ C=2 pF load polygon
  Port PORT3 at (146.74, -83.49) mm

Modeling passive components (R/L/C) ...
  Using direct lumped-element materials (stripline-style insertion).
  Passive components in PCB: 49
    R6       '10K'  ΓåÆ skipped (outside board outline, parsed R 10 k╬⌐)
    C8       '10uF/'  ΓåÆ skipped (outside board outline, parsed C 1e-05 F)
    R2       R  100 ╬⌐           bot  (142.91,-84.99)ΓåÆ(142.91,-83.97) mm  len=0.38 mm  lead=0.32 mm  w=0.54 mm  [path]
    C1       C  47 nF           bot  (144.06,-85.59)ΓåÆ(145.01,-85.59) mm  len=0.40 mm  lead=0.28 mm  w=0.62 mm  [path]
    C28      '10uF/16V'  ΓåÆ skipped (outside board outline, parsed C 1e-05 F)
    C32      '1uF/'  ΓåÆ skipped (outside board outline, parsed C 1e-06 F)
    C23      '1uF/'  ΓåÆ skipped (outside board outline, parsed C 1e-06 F)
    C27      '100nF'  ΓåÆ skipped (outside board outline, parsed C 1e-07 F)
    R11      '1k'  ΓåÆ skipped (outside board outline, parsed R 1 k╬⌐)
    C3       '1nF / C0G'  ΓåÆ skipped (outside board outline, parsed C 1e-09 F)
    R22      '100k'  ΓåÆ skipped (outside board outline, parsed R 100 k╬⌐)
    R17      '100k'  ΓåÆ skipped (outside board outline, parsed R 100 k╬⌐)
    R1       R  100 ╬⌐           bot  (141.81,-85.00)ΓåÆ(141.81,-83.98) mm  len=0.38 mm  lead=0.32 mm  w=0.54 mm  [path]
    R19      '100k'  ΓåÆ skipped (outside board outline, parsed R 100 k╬⌐)
    R14      '1k5'  ΓåÆ skipped (outside board outline, parsed R 1.5 k╬⌐)
    C18      '100nF'  ΓåÆ skipped (outside board outline, parsed C 1e-07 F)
    C6       C  8.2 pF          bot  (147.22,-87.60)ΓåÆ(148.18,-87.60) mm  len=0.40 mm  lead=0.28 mm  w=0.62 mm  [path]
    C17      '100nF'  ΓåÆ skipped (outside board outline, parsed C 1e-07 F)
    C24      '1uF/'  ΓåÆ skipped (outside board outline, parsed C 1e-06 F)
    R21      R  10 k╬⌐           bot  (145.88,-81.90)ΓåÆ(146.52,-81.90) mm  len=0.18 mm  lead=0.23 mm  w=0.40 mm  [path]
    R16      '10k NTC Thermistor'  ΓåÆ skipped (outside board outline, parsed R 10 k╬⌐)
    R4       R  1 k╬⌐            bot  (150.10,-85.51)ΓåÆ(150.10,-84.49) mm  len=0.38 mm  lead=0.32 mm  w=0.54 mm  [path]
    C10      '100nF'  ΓåÆ skipped (outside board outline, parsed C 1e-07 F)
    R13      '0R'  ΓåÆ skipped (unparseable / DNP / 0R)
    R9       '5K1'  ΓåÆ skipped (outside board outline, parsed R 5.1 k╬⌐)
    C9       '100nF'  ΓåÆ skipped (outside board outline, parsed C 1e-07 F)
    C16      '10uF/'  ΓåÆ skipped (outside board outline, parsed C 1e-05 F)
    C7       '100nF'  ΓåÆ skipped (outside board outline, parsed C 1e-07 F)
    R12      '2k'  ΓåÆ skipped (outside board outline, parsed R 2 k╬⌐)
    C11      '4.7uF'  ΓåÆ skipped (outside board outline, parsed C 4.7e-06 F)
    C12      '10uF/'  ΓåÆ skipped (outside board outline, parsed C 1e-05 F)
    C26      '100nF'  ΓåÆ skipped (outside board outline, parsed C 1e-07 F)
    R3       R  1 k╬⌐            bot  (150.09,-83.49)ΓåÆ(151.11,-83.49) mm  len=0.48 mm  lead=0.27 mm  w=0.64 mm  [path]
    C13      '100nF'  ΓåÆ skipped (outside board outline, parsed C 1e-07 F)
    R20      '10K'  ΓåÆ skipped (outside board outline, parsed R 10 k╬⌐)
    C4       C  100 nF          bot  (148.28,-80.90)ΓåÆ(147.32,-80.90) mm  len=0.40 mm  lead=0.28 mm  w=0.62 mm  [path]
    C31      '1uF/'  ΓåÆ skipped (outside board outline, parsed C 1e-06 F)
    C5       C  10 ┬╡F           bot  (148.02,-81.90)ΓåÆ(147.38,-81.90) mm  len=0.18 mm  lead=0.23 mm  w=0.40 mm  [path]
    R5       R  12 k╬⌐           bot  (149.60,-80.89)ΓåÆ(149.60,-81.91) mm  len=0.38 mm  lead=0.32 mm  w=0.54 mm  [path]
    C29      '10uF/16V'  ΓåÆ skipped (outside board outline, parsed C 1e-05 F)
    C2       C  47 nF           bot  (144.08,-83.49)ΓåÆ(145.03,-83.49) mm  len=0.40 mm  lead=0.28 mm  w=0.62 mm  [path]
    C14      '10uF/'  ΓåÆ skipped (outside board outline, parsed C 1e-05 F)
    C25      '100nF'  ΓåÆ skipped (outside board outline, parsed C 1e-07 F)
    R18      '100k'  ΓåÆ skipped (outside board outline, parsed R 100 k╬⌐)
    R15      '1k5'  ΓåÆ skipped (outside board outline, parsed R 1.5 k╬⌐)
    R8       '100k'  ΓåÆ skipped (outside board outline, parsed R 100 k╬⌐)
    C30      '100nF'  ΓåÆ skipped (outside board outline, parsed C 1e-07 F)
    R10      '5K1'  ΓåÆ skipped (outside board outline, parsed R 5.1 k╬⌐)
    C15      '10uF/'  ΓåÆ skipped (outside board outline, parsed C 1e-05 F)
  Passive paths compiled with merge=True
  Passives: 11 modeled, 38 skipped

Building 3D geometry ...
  PML: xy=5.0 mm  z=5.0 mm  air_h=6.4 mm
  generate_pcb(split_z=False, merge=False) ...
    done  (0.1 s)
  generate_air() ...
    done  (0.0 s)
  commit_geometry() ΓÇö fusing CAD solids ...
    done  (0.5 s)
  Ghost faces neutralised: 0  (none found)
  Sliver surfaces patched: 2  (threshold 0.10 mm)
  Compound sliver surfaces: disabled (set EMERGE_ENABLE_COMPOUND_SLIVERS=1 to enable)
  Curved boundary resolution: 20 (post-commit)
Model built successfully.  (7.2 s)

ΓöÇΓöÇΓöÇΓöÇΓöÇΓöÇΓöÇΓöÇΓöÇΓöÇΓöÇΓöÇΓöÇΓöÇΓöÇΓöÇΓöÇΓöÇΓöÇΓöÇΓöÇΓöÇΓöÇΓöÇΓöÇΓöÇΓöÇΓöÇΓöÇΓöÇΓöÇΓöÇΓöÇΓöÇΓöÇΓöÇΓöÇΓöÇΓöÇΓöÇΓöÇΓöÇΓöÇΓöÇΓöÇΓöÇΓöÇΓöÇΓöÇΓöÇΓöÇΓöÇΓöÇΓöÇΓöÇΓöÇΓöÇΓöÇΓöÇΓöÇ
Stage 3 / 5 ΓÇö Mesh generation
ΓöÇΓöÇΓöÇΓöÇΓöÇΓöÇΓöÇΓöÇΓöÇΓöÇΓöÇΓöÇΓöÇΓöÇΓöÇΓöÇΓöÇΓöÇΓöÇΓöÇΓöÇΓöÇΓöÇΓöÇΓöÇΓöÇΓöÇΓöÇΓöÇΓöÇΓöÇΓöÇΓöÇΓöÇΓöÇΓöÇΓöÇΓöÇΓöÇΓöÇΓöÇΓöÇΓöÇΓöÇΓöÇΓöÇΓöÇΓöÇΓöÇΓöÇΓöÇΓöÇΓöÇΓöÇΓöÇΓöÇΓöÇΓöÇΓöÇΓöÇ
  Cells/lambda : 5
  Solver       : AUTO
  Curved boundary resolution: 20
  CL scan coverage: large_surfaces=20  boundary_curves=1120  used=271
  Skipped 849 artifact curves < 200 ┬╡m in mesh size scan
  Shortest large-surface curve: 0.2002 mm  ΓåÆ CharacteristicLengthMax = 0.8000 mm
  GMSH option Mesh.Algorithm = 6
  GMSH option Mesh.Algorithm3D = 10
  GMSH option Mesh.Smoothing = 10
  GMSH option Mesh.CharacteristicLengthMax = 0.0008
  GMSH option Mesh.MaxNumThreads1D = 0
  GMSH option Mesh.MaxNumThreads2D = 0
  GMSH option Mesh.MaxNumThreads3D = 0
  Region mesh sizes applied: 1037 vertices (Cu=0.60 Comp=0.90 Sub=2.00 Air=10.00 mm)
  Copper Z-refinement: 2 layer(s), VIn=0.350 mm  VOut=10.00 mm  (Box fields: [5, 6])
  Sliver curves constrained: 15 curves on 2 surfaces
  Pre-mesh ghost removal: none found
Generating mesh ΓÇª
  Model bbox: (128.70, -95.00, -6.60) ΓÇô (156.11, -73.92, 11.40) mm  size 27.41 x 21.09 x 18.00 mm
  Entities: points=1037  curves=1190  surfaces=178  volumes=11
  Surface diagnostics: discrete=0  orphan(no-volume)=8
  Mesh fields configured: 7
  Mesh focus: top 8 surfaces by boundary complexity
    surf 219: boundary_curves=469  tiny(<200┬╡m)=353  min_curve=0.0023 mm  bbox=17.04x9.92x0.0007 mm  zc=0.000 mm  adj_vols=2  type=Plane
    surf 164: boundary_curves=101  tiny(<200┬╡m)=86  min_curve=0.0023 mm  bbox=2.15x1.56x0.0002 mm  zc=0.000 mm  adj_vols=2  type=Plane
    surf 112: boundary_curves=90  tiny(<200┬╡m)=78  min_curve=0.0553 mm  bbox=17.04x9.92x0.0002 mm  zc=-1.600 mm  adj_vols=2  type=Plane
    surf 124: boundary_curves=82  tiny(<200┬╡m)=59  min_curve=0.0024 mm  bbox=8.92x4.17x0.0002 mm  zc=0.000 mm  adj_vols=2  type=Plane
    surf 212: boundary_curves=82  tiny(<200┬╡m)=78  min_curve=0.0553 mm  bbox=17.04x9.92x0.0002 mm  zc=-1.555 mm  adj_vols=2  type=Plane
    surf 211: boundary_curves=82  tiny(<200┬╡m)=78  min_curve=0.0553 mm  bbox=17.04x9.92x0.0002 mm  zc=-1.590 mm  adj_vols=2  type=Plane
    surf 119: boundary_curves=53  tiny(<200┬╡m)=34  min_curve=0.0061 mm  bbox=8.90x1.15x0.0002 mm  zc=0.000 mm  adj_vols=2  type=Plane
    surf 143: boundary_curves=47  tiny(<200┬╡m)=36  min_curve=0.0024 mm  bbox=2.31x2.24x0.0006 mm  zc=0.000 mm  adj_vols=2  type=Plane
  Mesh focus summary: surfaces=178  tiny_boundary_curves_total=1711
  Mesh attempt 1/3
  [mesh a1] still running ΓÇª 30 s  | gmsh_msgs=1459  | Info: Improving      24605 tet. on   1 thrd (S & ER)
  Mesh done. total=39.6 s  attempt=39.6 s
  Mesh nodes: 25550
  Mesh elements: 2D=26572  3D=136001

ΓöÇΓöÇΓöÇΓöÇΓöÇΓöÇΓöÇΓöÇΓöÇΓöÇΓöÇΓöÇΓöÇΓöÇΓöÇΓöÇΓöÇΓöÇΓöÇΓöÇΓöÇΓöÇΓöÇΓöÇΓöÇΓöÇΓöÇΓöÇΓöÇΓöÇΓöÇΓöÇΓöÇΓöÇΓöÇΓöÇΓöÇΓöÇΓöÇΓöÇΓöÇΓöÇΓöÇΓöÇΓöÇΓöÇΓöÇΓöÇΓöÇΓöÇΓöÇΓöÇΓöÇΓöÇΓöÇΓöÇΓöÇΓöÇΓöÇΓöÇ
Stage 4 / 5 ΓÇö Running FEM sweep
ΓöÇΓöÇΓöÇΓöÇΓöÇΓöÇΓöÇΓöÇΓöÇΓöÇΓöÇΓöÇΓöÇΓöÇΓöÇΓöÇΓöÇΓöÇΓöÇΓöÇΓöÇΓöÇΓöÇΓöÇΓöÇΓöÇΓöÇΓöÇΓöÇΓöÇΓöÇΓöÇΓöÇΓöÇΓöÇΓöÇΓöÇΓöÇΓöÇΓöÇΓöÇΓöÇΓöÇΓöÇΓöÇΓöÇΓöÇΓöÇΓöÇΓöÇΓöÇΓöÇΓöÇΓöÇΓöÇΓöÇΓöÇΓöÇΓöÇΓöÇ
  Frequency: 100 MHz ΓÇô 6.0 GHz  (9 points)
Running FEM sweep ΓÇª
  [FEM] still running ΓÇª 30 s  CPU 60%  MEM 78% 24993/32213 MiB  GPU 0% util  5/6113 MiB
  [FEM] still running ΓÇª 60 s  CPU 42%  MEM 88% 28396/32213 MiB  GPU 0% util  5/6113 MiB
  [FEM] still running ΓÇª 90 s  CPU 61%  MEM 92% 29606/32213 MiB  GPU 0% util  5/6113 MiB
  [FEM] still running ΓÇª 121 s  CPU 63%  MEM 90% 28968/32213 MiB  GPU 0% util  5/6113 MiB
  [FEM] still running ΓÇª 151 s  CPU 52%  MEM 75% 24139/32213 MiB  GPU 0% util  5/6113 MiB
  [FEM] still running ΓÇª 181 s  CPU 46%  MEM 81% 26216/32213 MiB  GPU 0% util  5/6113 MiB
  [FEM] still running ΓÇª 211 s  CPU 46%  MEM 85% 27363/32213 MiB  GPU 0% util  5/6113 MiB
  [FEM] still running ΓÇª 241 s  CPU 40%  MEM 88% 28442/32213 MiB  GPU 0% util  5/6113 MiB
  [FEM] still running ΓÇª 272 s  CPU 39%  MEM 86% 27713/32213 MiB  GPU 0% util  5/6113 MiB
  [FEM] still running ΓÇª 302 s  CPU 41%  MEM 91% 29185/32213 MiB  GPU 0% util  5/6113 MiB
  [FEM] still running ΓÇª 332 s  CPU 46%  MEM 99% 31842/32213 MiB  GPU 0% util  5/6113 MiB
  [FEM] still running ΓÇª 362 s  CPU 45%  MEM 63% 20435/32213 MiB  GPU 0% util  5/6113 MiB
  [FEM] still running ΓÇª 392 s  CPU 54%  MEM 79% 25558/32213 MiB  GPU 0% util  5/6113 MiB
  [FEM] still running ΓÇª 422 s  CPU 51%  MEM 87% 27887/32213 MiB  GPU 0% util  5/6113 MiB
  [FEM] still running ΓÇª 453 s  CPU 49%  MEM 90% 29026/32213 MiB  GPU 0% util  5/6113 MiB
  [FEM] still running ΓÇª 483 s  CPU 40%  MEM 95% 30600/32213 MiB  GPU 0% util  5/6113 MiB
  [FEM] still running ΓÇª 513 s  CPU 54%  MEM 88% 28357/32213 MiB  GPU 0% util  5/6113 MiB
  [FEM] still running ΓÇª 543 s  CPU 48%  MEM 84% 27190/32213 MiB  GPU 0% util  5/6113 MiB
  [FEM] still running ΓÇª 573 s  CPU 43%  MEM 85% 27477/32213 MiB  GPU 0% util  5/6113 MiB
  [FEM] still running ΓÇª 603 s  CPU 48%  MEM 97% 31183/32213 MiB  GPU 0% util  5/6113 MiB
  [FEM] still running ΓÇª 633 s  CPU 48%  MEM 95% 30574/32213 MiB  GPU 0% util  5/6113 MiB
  [FEM] still running ΓÇª 664 s  CPU 39%  MEM 34% 11105/32213 MiB  GPU 0% util  5/6113 MiB
  [FEM] still running ΓÇª 694 s  CPU 50%  MEM 75% 24094/32213 MiB  GPU 0% util  5/6113 MiB
  [FEM] still running ΓÇª 724 s  CPU 41%  MEM 84% 27209/32213 MiB  GPU 0% util  5/6113 MiB
  [FEM] still running ΓÇª 754 s  CPU 39%  MEM 89% 28658/32213 MiB  GPU 0% util  5/6113 MiB
  [FEM] still running ΓÇª 784 s  CPU 36%  MEM 94% 30305/32213 MiB  GPU 0% util  5/6113 MiB
  [FEM] still running ΓÇª 814 s  CPU 43%  MEM 94% 30281/32213 MiB  GPU 0% util  5/6113 MiB
  [FEM] still running ΓÇª 845 s  CPU 36%  MEM 97% 31141/32213 MiB  GPU 0% util  5/6113 MiB
  [FEM] still running ΓÇª 875 s  CPU 37%  MEM 98% 31701/32213 MiB  GPU 0% util  5/6113 MiB
  [FEM] still running ΓÇª 905 s  CPU 38%  MEM 99% 31878/32213 MiB  GPU 0% util  5/6113 MiB
  [FEM] still running ΓÇª 935 s  CPU 40%  MEM 53% 16992/32213 MiB  GPU 0% util  5/6113 MiB
  [FEM] still running ΓÇª 965 s  CPU 44%  MEM 80% 25593/32213 MiB  GPU 0% util  5/6113 MiB
  [FEM] still running ΓÇª 995 s  CPU 64%  MEM 88% 28346/32213 MiB  GPU 0% util  5/6113 MiB
  [FEM] still running ΓÇª 1025 s  CPU 45%  MEM 95% 30657/32213 MiB  GPU 0% util  5/6113 MiB
  [FEM] still running ΓÇª 1056 s  CPU 59%  MEM 91% 29339/32213 MiB  GPU 0% util  5/6113 MiB
  [FEM] still running ΓÇª 1086 s  CPU 56%  MEM 89% 28693/32213 MiB  GPU 0% util  5/6113 MiB
  [FEM] still running ΓÇª 1116 s  CPU 62%  MEM 96% 30889/32213 MiB  GPU 0% util  5/6113 MiB
  [FEM] still running ΓÇª 1146 s  CPU 82%  MEM 96% 30849/32213 MiB  GPU 0% util  5/6113 MiB
  [FEM] still running ΓÇª 1176 s  CPU 56%  MEM 90% 29076/32213 MiB  GPU 0% util  5/6113 MiB
  [FEM] still running ΓÇª 1207 s  CPU 44%  MEM 100% 32210/32213 MiB  GPU 0% util  5/6113 MiB
  [FEM] still running ΓÇª 1237 s  CPU 49%  MEM 98% 31484/32213 MiB  GPU 0% util  5/6113 MiB
  [FEM] still running ΓÇª 1268 s  CPU 46%  MEM 38% 12188/32213 MiB  GPU 0% util  5/6113 MiB
  [FEM] still running ΓÇª 1298 s  CPU 49%  MEM 77% 24771/32213 MiB  GPU 0% util  5/6113 MiB
  [FEM] still running ΓÇª 1328 s  CPU 45%  MEM 88% 28368/32213 MiB  GPU 0% util  5/6113 MiB
  [FEM] still running ΓÇª 1358 s  CPU 46%  MEM 94% 30191/32213 MiB  GPU 0% util  5/6113 MiB
  [FEM] still running ΓÇª 1388 s  CPU 56%  MEM 98% 31477/32213 MiB  GPU 0% util  5/6113 MiB
  [FEM] still running ΓÇª 1418 s  CPU 57%  MEM 90% 29003/32213 MiB  GPU 0% util  5/6113 MiB
  [FEM] still running ΓÇª 1449 s  CPU 55%  MEM 87% 28154/32213 MiB  GPU 0% util  5/6113 MiB
  [FEM] still running ΓÇª 1479 s  CPU 64%  MEM 93% 30003/32213 MiB  GPU 0% util  5/6113 MiB
  [FEM] still running ΓÇª 1509 s  CPU 52%  MEM 93% 29928/32213 MiB  GPU 0% util  5/6113 MiB
  [FEM] still running ΓÇª 1539 s  CPU 48%  MEM 99% 31984/32213 MiB  GPU 0% util  5/6113 MiB
  [FEM] still running ΓÇª 1570 s  CPU 41%  MEM 51% 16488/32213 MiB  GPU 0% util  5/6113 MiB
  [FEM] still running ΓÇª 1600 s  CPU 48%  MEM 76% 24442/32213 MiB  GPU 0% util  5/6113 MiB
  [FEM] still running ΓÇª 1630 s  CPU 42%  MEM 87% 28084/32213 MiB  GPU 0% util  5/6113 MiB
  [FEM] still running ΓÇª 1660 s  CPU 41%  MEM 91% 29441/32213 MiB  GPU 0% util  5/6113 MiB
  [FEM] still running ΓÇª 1690 s  CPU 38%  MEM 96% 30839/32213 MiB  GPU 0% util  5/6113 MiB
  [FEM] still running ΓÇª 1720 s  CPU 44%  MEM 89% 28713/32213 MiB  GPU 0% util  5/6113 MiB
  [FEM] still running ΓÇª 1751 s  CPU 47%  MEM 94% 30124/32213 MiB  GPU 0% util  5/6113 MiB
  [FEM] still running ΓÇª 1781 s  CPU 47%  MEM 97% 31230/32213 MiB  GPU 0% util  5/6113 MiB
  [FEM] still running ΓÇª 1811 s  CPU 51%  MEM 95% 30628/32213 MiB  GPU 0% util  5/6113 MiB
  [FEM] still running ΓÇª 1841 s  CPU 50%  MEM 97% 31311/32213 MiB  GPU 0% util  5/6113 MiB
  [FEM] still running ΓÇª 1871 s  CPU 40%  MEM 57% 18363/32213 MiB  GPU 0% util  5/6113 MiB
  [FEM] still running ΓÇª 1902 s  CPU 49%  MEM 78% 25166/32213 MiB  GPU 0% util  5/6113 MiB
